#-----------------------------------------------------------
# Vivado v2017.4 (64-bit)
# SW Build 2086221 on Fri Dec 15 20:55:39 MST 2017
# IP Build 2085800 on Fri Dec 15 22:25:07 MST 2017
# Start of session at: Tue May 16 15:33:56 2023
# Process ID: 14792
# Current directory: D:/Sustech/2023 Spring/CS214 Computer Organizations/Project/CPU
# Command line: vivado.exe -gui_launcher_event rodinguilauncherevent6972 D:\Sustech\2023 Spring\CS214 Computer Organizations\Project\CPU\CPU.xpr
# Log file: D:/Sustech/2023 Spring/CS214 Computer Organizations/Project/CPU/vivado.log
# Journal file: D:/Sustech/2023 Spring/CS214 Computer Organizations/Project/CPU\vivado.jou
#-----------------------------------------------------------
start_gui
open_project {D:/Sustech/2023 Spring/CS214 Computer Organizations/Project/CPU/CPU.xpr}
launch_runs synth_1 -jobs 10
wait_on_run synth_1
export_ip_user_files -of_objects  [get_files {{D:/Sustech/2023 Spring/CS214 Computer Organizations/Project/CPU/coe_save/dmem32.coe}}] -no_script -reset -force -quiet
remove_files  {{D:/Sustech/2023 Spring/CS214 Computer Organizations/Project/CPU/coe_save/dmem32.coe}}
reset_run synth_1
launch_runs synth_1 -jobs 10
wait_on_run synth_1
reset_run synth_1
launch_runs synth_1 -jobs 10
wait_on_run synth_1
